Benchmark: Fractional_Root_MILP
File: tests/data/bench_05_fractional_milp.dat
Hardware CPU: AMD64 Family 25 Model 80 Stepping 0, AuthenticAMD
Hardware GPU: NVIDIA CUDA GPU (cuSPARSE Accelerated)
============================================================
RAW STDOUT:
============================================================
{
  "status": "OPTIMAL",
  "objective": 5,
  "certificate": {"type": "MIP_Integer_Feasibility_Witness", "bb_nodes": 5},
  "iterations": 2,
  "solve_time_ms": 2136.94,
  "num_vars": 2,
  "num_constraints": 1,
  "nnz": 2,
  "bb_nodes": 5,
  "cuts_applied": 0,
  "primal_residual": 0,
  "dual_residual": 0,
  "duality_gap": 0,
  "backend": "CPU_BranchAndBound",
  "gpu": "None (CPU Execution)",
  "gpu_time_ms": 0,
  "slacks": {
    "c1": 1
  },
  "duals": {
    "c1": 0
  },
  "variables": {
    "x": 1,
    "y": 0
  }
}
