Benchmark: Netlib_SC50B
File: data/bench_netlib_sc50b.dat
Hardware CPU: AMD64 Family 25 Model 80 Stepping 0, AuthenticAMD
Hardware GPU: NVIDIA CUDA GPU (cuSPARSE Accelerated)
============================================================
RAW STDOUT:
============================================================
{
  "status": "ITERATION_LIMIT",
  "objective": 117.315,
  "certificate": {"type": "Throughput_Demo_Checkpoint", "status": "Convergence_In_Progress", "iterations": 100000, "primal_residual": 2.337294},
  "iterations": 100000,
  "solve_time_ms": 117.588,
  "num_vars": 48,
  "num_constraints": 50,
  "nnz": 167,
  "bb_nodes": 0,
  "cuts_applied": 0,
  "primal_residual": 2.33729,
  "dual_residual": 59245.2,
  "duality_gap": 128614,
  "backend": "CPU_PDLP",
  "gpu": "None (CPU Execution)",
  "gpu_time_ms": 0,
  "slacks": {
    "row_1": -1.10251,
    "row_2": -0.897486,
    "row_3": 0,
    "row_4": 0,
    "row_5": 0,
    "row_6": 0,
    "row_7": -0.263632,
    "row_8": -0.197724,
    "row_9": -0.148293,
    "row_10": -0.243036,
    "row_11": -0.182277,
    "row_12": -0.136708,
    "row_13": -0.224049,
    "row_14": -0.168036,
    "row_15": -0.126027,
    "row_16": -0.206545,
    "row_17": -0.154909,
    "row_18": -0.116181,
    "row_19": -0.190408,
    "row_20": -0.142806,
    "row_21": -0.107105,
    "row_22": 0,
    "row_23": 0,
    "row_24": 0,
    "row_25": 0,
    "row_26": 0,
    "row_27": 0,
    "row_28": 0,
    "row_29": 0,
    "row_30": 0,
    "row_31": -0.593824,
    "row_32": -0.445368,
    "row_33": -0.334026,
    "row_34": -0.547431,
    "row_35": -0.410573,
    "row_36": -0.30793,
    "row_37": -0.504663,
    "row_38": -0.378497,
    "row_39": -0.283873,
    "row_40": -0.465236,
    "row_41": -0.348927,
    "row_42": -0.261695,
    "row_43": -0.42889,
    "row_44": -0.321667,
    "row_45": -0.24125,
    "row_46": -0.395383,
    "row_47": -0.296537,
    "row_48": -0.222403,
    "row_49": -0.364493,
    "row_50": -0.27337
  },
  "duals": {
    "row_1": 0,
    "row_2": 0,
    "row_3": 7.55125e-16,
    "row_4": 0.5,
    "row_5": 5.20777e-16,
    "row_6": 0.5,
    "row_7": 0,
    "row_8": 0,
    "row_9": 0,
    "row_10": 0,
    "row_11": 0,
    "row_12": 0,
    "row_13": 0,
    "row_14": 0,
    "row_15": 0,
    "row_16": 0,
    "row_17": 0,
    "row_18": 0,
    "row_19": 0,
    "row_20": 0,
    "row_21": 0,
    "row_22": 2,
    "row_23": 3.27158e-15,
    "row_24": 0.5,
    "row_25": 0.875,
    "row_26": 6.39751e-16,
    "row_27": 2.66667,
    "row_28": 1.33592e-15,
    "row_29": 1.21842e-15,
    "row_30": 1.5,
    "row_31": 0,
    "row_32": 0,
    "row_33": 0,
    "row_34": 0,
    "row_35": 0,
    "row_36": 0,
    "row_37": 0,
    "row_38": 0,
    "row_39": 0,
    "row_40": 0,
    "row_41": 0,
    "row_42": 0,
    "row_43": 0,
    "row_44": 0,
    "row_45": 0,
    "row_46": 0,
    "row_47": 0,
    "row_48": 0,
    "row_49": 0,
    "row_50": 0
  },
  "variables": {
    "x_1": 11.1025,
    "x_2": 0,
    "x_3": 16,
    "x_4": 0,
    "x_5": 20,
    "x_6": 0,
    "x_7": 15.8577,
    "x_8": 10.5928,
    "x_9": 20.7407,
    "x_10": 4.97795,
    "x_11": 6.9391,
    "x_12": 6.56559,
    "x_13": 5.88649,
    "x_14": 13.2606,
    "x_15": 6.48719,
    "x_16": 10.4198,
    "x_17": 15.6467,
    "x_18": 10.9828,
    "x_19": 20.2769,
    "x_20": 10.1071,
    "x_21": 0,
    "x_22": 4,
    "x_23": 2.5,
    "x_24": 18,
    "x_25": 0,
    "x_26": 29.3333,
    "x_27": 0,
    "x_28": 28,
    "x_29": 0,
    "x_30": 6.90016,
    "x_31": 6.20597,
    "x_32": 10.8374,
    "x_33": 4.79109,
    "x_34": 18.1593,
    "x_35": 2.04368,
    "x_36": 14.6046,
    "x_37": 12.0226,
    "x_38": 19.0151,
    "x_39": 6.03652,
    "x_40": 5.74988,
    "x_41": 7.98457,
    "x_42": 5.01546,
    "x_43": 14.2172,
    "x_44": 5.36545,
    "x_45": 11.1091,
    "x_46": 14.9166,
    "x_47": 11.8147,
    "x_48": 19.3997
  }
}
