Benchmark: Unbounded_Model
File: tests/data/bench_07_unbounded.dat
Hardware CPU: AMD64 Family 25 Model 80 Stepping 0, AuthenticAMD
Hardware GPU: NVIDIA CUDA GPU (cuSPARSE Accelerated)
============================================================
RAW STDOUT:
============================================================
{
  "status": "UNBOUNDED",
  "objective": null,
  "certificate": {"type": "Unbounded_Ray", "entering_variable": "var_1", "ray_step": 1.0},
  "iterations": 1,
  "solve_time_ms": 0.2091,
  "num_vars": 1,
  "num_constraints": 1,
  "nnz": 1,
  "bb_nodes": 0,
  "cuts_applied": 0,
  "primal_residual": 0,
  "dual_residual": 0,
  "duality_gap": 0,
  "backend": "CPU_Simplex",
  "gpu": "None (CPU Execution)",
  "gpu_time_ms": 0,
  "slacks": {
    "c1": 0
  },
  "duals": {
    "c1": 0
  },
  "variables": {
    "x": 0
  }
}
